2026-07-01T12:10:43 | INFO     | coinbase_webkit:001:1e766864 | engine=WebKit device='iPhone 14 Pro' viewport={'width': 393, 'height': 660} headless=False
2026-07-01T12:10:43 | INFO     | coinbase_webkit:001:1e766864 | no state file at .context/coinbase_webkit/user/001/state.json - fresh session (log in manually)
2026-07-01T12:10:43 | INFO     | coinbase_webkit:001:1e766864 | navigating to https://www.coinbase.com/home
2026-07-01T12:10:44 | WARNING  | coinbase_webkit:001:1e766864 | FIRST RUN: log in manually in the browser window (solve any captcha/2FA). Probing continues meanwhile; Ctrl-C to stop and persist session.
2026-07-01T12:10:45 | WARNING  | coinbase_webkit:001:1e766864 | GraphQL captured op=userQuery status=401
2026-07-01T12:10:46 | INFO     | coinbase_webkit:001:1e766864 | iOS-DOM probe: {"url": "https://www.coinbase.com/signin?return_to=%2Fhome", "path": "/signin", "readyGate": false, "captchaVisible": false, "cryptoRows": 0, "cashRows": 0, "firstCryptoSpans": null}
2026-07-01T12:10:48 | INFO     | coinbase_webkit:001:1e766864 | iOS-DOM probe: {"url": "https://www.coinbase.com/signin?return_to=%2Fhome", "path": "/signin", "readyGate": false, "captchaVisible": false, "cryptoRows": 0, "cashRows": 0, "firstCryptoSpans": null}
2026-07-01T12:10:50 | INFO     | coinbase_webkit:001:1e766864 | iOS-DOM probe: {"url": "https://www.coinbase.com/signin?return_to=%2Fhome", "path": "/signin", "readyGate": false, "captchaVisible": false, "cryptoRows": 0, "cashRows": 0, "firstCryptoSpans": null}
2026-07-01T12:10:52 | INFO     | coinbase_webkit:001:1e766864 | iOS-DOM probe: {"url": "https://www.coinbase.com/signin?return_to=%2Fhome", "path": "/signin", "readyGate": false, "captchaVisible": false, "cryptoRows": 0, "cashRows": 0, "firstCryptoSpans": null}
2026-07-01T12:10:54 | INFO     | coinbase_webkit:001:1e766864 | iOS-DOM probe: {"url": "https://www.coinbase.com/signin?return_to=%2Fhome", "path": "/signin", "readyGate": false, "captchaVisible": false, "cryptoRows": 0, "cashRows": 0, "firstCryptoSpans": null}
2026-07-01T12:10:57 | INFO     | coinbase_webkit:001:1e766864 | iOS-DOM probe: {"url": "https://www.coinbase.com/signin?return_to=%2Fhome", "path": "/signin", "readyGate": false, "captchaVisible": false, "cryptoRows": 0, "cashRows": 0, "firstCryptoSpans": null}
2026-07-01T12:10:59 | INFO     | coinbase_webkit:001:1e766864 | iOS-DOM probe: {"url": "https://www.coinbase.com/signin?return_to=%2Fhome", "path": "/signin", "readyGate": false, "captchaVisible": false, "cryptoRows": 0, "cashRows": 0, "firstCryptoSpans": null}
2026-07-01T12:11:01 | INFO     | coinbase_webkit:001:1e766864 | iOS-DOM probe: {"url": "https://www.coinbase.com/signin?return_to=%2Fhome", "path": "/signin", "readyGate": false, "captchaVisible": false, "cryptoRows": 0, "cashRows": 0, "firstCryptoSpans": null}
2026-07-01T12:11:03 | INFO     | coinbase_webkit:001:1e766864 | iOS-DOM probe: {"url": "https://login.coinbase.com/signin?client_id=258660e1-9cfe-4202-9eda-d3beedb3e118&oauth_challenge=4e3dfb58-4416-40c7-bdea-33568b65c523", "path": "/signin", "readyGate": false, "captchaVisible": false, "cryptoRows": 0, "cashRows": 0, "firstCryptoSpans": null}
2026-07-01T12:11:05 | INFO     | coinbase_webkit:001:1e766864 | iOS-DOM probe: {"url": "https://login.coinbase.com/signin?client_id=258660e1-9cfe-4202-9eda-d3beedb3e118&oauth_challenge=4e3dfb58-4416-40c7-bdea-33568b65c523", "path": "/signin", "readyGate": false, "captchaVisible": false, "cryptoRows": 0, "cashRows": 0, "firstCryptoSpans": null}
2026-07-01T12:11:07 | INFO     | coinbase_webkit:001:1e766864 | iOS-DOM probe: {"url": "https://login.coinbase.com/signin?client_id=258660e1-9cfe-4202-9eda-d3beedb3e118&oauth_challenge=4e3dfb58-4416-40c7-bdea-33568b65c523", "path": "/signin", "readyGate": false, "captchaVisible": false, "cryptoRows": 0, "cashRows": 0, "firstCryptoSpans": null}
2026-07-01T12:11:09 | INFO     | coinbase_webkit:001:1e766864 | iOS-DOM probe: {"url": "https://login.coinbase.com/signin?client_id=258660e1-9cfe-4202-9eda-d3beedb3e118&oauth_challenge=4e3dfb58-4416-40c7-bdea-33568b65c523", "path": "/signin", "readyGate": false, "captchaVisible": false, "cryptoRows": 0, "cashRows": 0, "firstCryptoSpans": null}
2026-07-01T12:11:11 | INFO     | coinbase_webkit:001:1e766864 | iOS-DOM probe: {"url": "https://login.coinbase.com/signin?client_id=258660e1-9cfe-4202-9eda-d3beedb3e118&oauth_challenge=4e3dfb58-4416-40c7-bdea-33568b65c523", "path": "/signin", "readyGate": false, "captchaVisible": false, "cryptoRows": 0, "cashRows": 0, "firstCryptoSpans": null}
2026-07-01T12:11:13 | INFO     | coinbase_webkit:001:1e766864 | iOS-DOM probe: {"url": "https://login.coinbase.com/signin?client_id=258660e1-9cfe-4202-9eda-d3beedb3e118&oauth_challenge=4e3dfb58-4416-40c7-bdea-33568b65c523", "path": "/signin", "readyGate": false, "captchaVisible": false, "cryptoRows": 0, "cashRows": 0, "firstCryptoSpans": null}
2026-07-01T12:11:15 | INFO     | coinbase_webkit:001:1e766864 | iOS-DOM probe: {"url": "https://login.coinbase.com/signin?client_id=258660e1-9cfe-4202-9eda-d3beedb3e118&oauth_challenge=4e3dfb58-4416-40c7-bdea-33568b65c523", "path": "/signin", "readyGate": false, "captchaVisible": false, "cryptoRows": 0, "cashRows": 0, "firstCryptoSpans": null}
2026-07-01T12:11:17 | INFO     | coinbase_webkit:001:1e766864 | iOS-DOM probe: {"url": "https://login.coinbase.com/signin?client_id=258660e1-9cfe-4202-9eda-d3beedb3e118&oauth_challenge=4e3dfb58-4416-40c7-bdea-33568b65c523", "path": "/signin", "readyGate": false, "captchaVisible": false, "cryptoRows": 0, "cashRows": 0, "firstCryptoSpans": null}
2026-07-01T12:11:19 | INFO     | coinbase_webkit:001:1e766864 | iOS-DOM probe: {"url": "https://login.coinbase.com/signin?client_id=258660e1-9cfe-4202-9eda-d3beedb3e118&oauth_challenge=4e3dfb58-4416-40c7-bdea-33568b65c523", "path": "/signin", "readyGate": false, "captchaVisible": false, "cryptoRows": 0, "cashRows": 0, "firstCryptoSpans": null}
2026-07-01T12:11:21 | INFO     | coinbase_webkit:001:1e766864 | iOS-DOM probe: {"url": "https://login.coinbase.com/signin?client_id=258660e1-9cfe-4202-9eda-d3beedb3e118&oauth_challenge=4e3dfb58-4416-40c7-bdea-33568b65c523", "path": "/signin", "readyGate": false, "captchaVisible": false, "cryptoRows": 0, "cashRows": 0, "firstCryptoSpans": null}
2026-07-01T12:11:23 | INFO     | coinbase_webkit:001:1e766864 | iOS-DOM probe: {"url": "https://login.coinbase.com/signin?client_id=258660e1-9cfe-4202-9eda-d3beedb3e118&oauth_challenge=4e3dfb58-4416-40c7-bdea-33568b65c523", "path": "/signin", "readyGate": false, "captchaVisible": false, "cryptoRows": 0, "cashRows": 0, "firstCryptoSpans": null}
2026-07-01T12:11:25 | INFO     | coinbase_webkit:001:1e766864 | iOS-DOM probe: {"url": "https://login.coinbase.com/signin?client_id=258660e1-9cfe-4202-9eda-d3beedb3e118&oauth_challenge=4e3dfb58-4416-40c7-bdea-33568b65c523", "path": "/signin", "readyGate": false, "captchaVisible": false, "cryptoRows": 0, "cashRows": 0, "firstCryptoSpans": null}
2026-07-01T12:11:27 | INFO     | coinbase_webkit:001:1e766864 | iOS-DOM probe: {"url": "https://login.coinbase.com/signin?client_id=258660e1-9cfe-4202-9eda-d3beedb3e118&oauth_challenge=4e3dfb58-4416-40c7-bdea-33568b65c523", "path": "/signin", "readyGate": false, "captchaVisible": false, "cryptoRows": 0, "cashRows": 0, "firstCryptoSpans": null}
2026-07-01T12:11:29 | INFO     | coinbase_webkit:001:1e766864 | iOS-DOM probe: {"url": "https://login.coinbase.com/signin?client_id=258660e1-9cfe-4202-9eda-d3beedb3e118&oauth_challenge=4e3dfb58-4416-40c7-bdea-33568b65c523", "path": "/signin", "readyGate": false, "captchaVisible": false, "cryptoRows": 0, "cashRows": 0, "firstCryptoSpans": null}
2026-07-01T12:11:32 | INFO     | coinbase_webkit:001:1e766864 | iOS-DOM probe: {"url": "https://login.coinbase.com/signin?client_id=258660e1-9cfe-4202-9eda-d3beedb3e118&oauth_challenge=4e3dfb58-4416-40c7-bdea-33568b65c523", "path": "/signin", "readyGate": false, "captchaVisible": false, "cryptoRows": 0, "cashRows": 0, "firstCryptoSpans": null}
2026-07-01T12:11:34 | INFO     | coinbase_webkit:001:1e766864 | iOS-DOM probe: {"url": "https://login.coinbase.com/signin?client_id=258660e1-9cfe-4202-9eda-d3beedb3e118&oauth_challenge=4e3dfb58-4416-40c7-bdea-33568b65c523", "path": "/signin", "readyGate": false, "captchaVisible": false, "cryptoRows": 0, "cashRows": 0, "firstCryptoSpans": null}
2026-07-01T12:11:36 | INFO     | coinbase_webkit:001:1e766864 | iOS-DOM probe: {"url": "https://login.coinbase.com/signin?client_id=258660e1-9cfe-4202-9eda-d3beedb3e118&oauth_challenge=4e3dfb58-4416-40c7-bdea-33568b65c523", "path": "/signin", "readyGate": false, "captchaVisible": false, "cryptoRows": 0, "cashRows": 0, "firstCryptoSpans": null}
2026-07-01T12:11:38 | INFO     | coinbase_webkit:001:1e766864 | iOS-DOM probe: {"url": "https://login.coinbase.com/signin?client_id=258660e1-9cfe-4202-9eda-d3beedb3e118&oauth_challenge=4e3dfb58-4416-40c7-bdea-33568b65c523", "path": "/signin", "readyGate": false, "captchaVisible": false, "cryptoRows": 0, "cashRows": 0, "firstCryptoSpans": null}
2026-07-01T12:11:39 | INFO     | coinbase_webkit:001:1e766864 | wrote manifest -> logs/coinbase_webkit/001/1e766864/manifest.json
2026-07-01T12:11:39 | INFO     | coinbase_webkit:001:1e766864 | saved storage state -> .context/coinbase_webkit/user/001/state.json
