2026-07-29T19:06:12 | coinbase_webkit:001:d9d96c27 | [REQ_ERR] GET https://translations.coinbase.com/5de06f22f/advanced-trading-shared/latest/pt-BR/messages.json cancelled
2026-07-29T19:06:12 | coinbase_webkit:001:d9d96c27 | [REQ_ERR] GET https://www.coinbase.com/assets/sw-cache/c_CBpVOgsc2.js cancelled
2026-07-29T19:06:12 | coinbase_webkit:001:d9d96c27 | [REQ_ERR] GET https://www.coinbase.com/assets/sw-cache/c_lo4GYol0.js cancelled
2026-07-29T19:06:12 | coinbase_webkit:001:d9d96c27 | [REQ_ERR] GET https://www.coinbase.com/assets/sw-cache/c_t51LKglV2.js cancelled
2026-07-29T19:06:12 | coinbase_webkit:001:d9d96c27 | [REQ_ERR] GET https://www.coinbase.com/assets/sw-cache/c_C2CML6It2.js cancelled
2026-07-29T19:06:12 | coinbase_webkit:001:d9d96c27 | [REQ_ERR] GET https://translations.coinbase.com/42cad99e9/latest/pt-BR/messages.json cancelled
2026-07-29T19:06:12 | coinbase_webkit:001:d9d96c27 | [REQ_ERR] GET https://www.coinbase.com/assets/sw-cache/c_CTxsLYjN2.js cancelled
2026-07-29T19:06:12 | coinbase_webkit:001:d9d96c27 | [REQ_ERR] GET https://www.coinbase.com/assets/sw-cache/c_DNhVVYxp.js cancelled
2026-07-29T19:06:38 | coinbase_webkit:001:d9d96c27 | [REQ_ERR] POST https://as.coinbase.com/amp cancelled
2026-07-29T19:06:38 | coinbase_webkit:001:d9d96c27 | [REQ_ERR] POST https://as.coinbase.com/metrics cancelled
2026-07-29T19:06:38 | coinbase_webkit:001:d9d96c27 | [REQ_ERR] POST https://as.coinbase.com/metrics cancelled
2026-07-29T19:06:38 | coinbase_webkit:001:d9d96c27 | [REQ_ERR] POST https://browser-intake-datadoghq.com/api/v2/rum?ddsource=browser&dd-api-key=pub6a0b2d02f8543389bceb988aad66d172&dd-evp-origin-version=6.27.1&dd-evp-origin=browser&dd-request-id=e13a574e-d4bf-4866-8ded-4f042302600f&batch_time=1785362798173&_dd.api=beacon cancelled
2026-07-29T19:06:38 | coinbase_webkit:001:d9d96c27 | [REQ_ERR] POST https://as.coinbase.com/metrics cancelled
2026-07-29T19:06:38 | coinbase_webkit:001:d9d96c27 | [REQ_ERR] POST https://as.coinbase.com/metrics cancelled
2026-07-29T19:06:38 | coinbase_webkit:001:d9d96c27 | [REQ_ERR] POST https://as.coinbase.com/amp cancelled
2026-07-29T19:06:38 | coinbase_webkit:001:d9d96c27 | [REQ_ERR] POST https://browser-intake-datadoghq.com/api/v2/rum?ddsource=browser&dd-api-key=pub6a0b2d02f8543389bceb988aad66d172&dd-evp-origin-version=6.27.1&dd-evp-origin=browser&dd-request-id=3be1c7f0-01d5-4137-b427-def72aaca476&batch_time=1785362797808&_dd.api=fetch-keepalive cancelled
2026-07-29T19:06:38 | coinbase_webkit:001:d9d96c27 | [REQ_ERR] POST https://as.coinbase.com/amp cancelled
2026-07-29T19:06:38 | coinbase_webkit:001:d9d96c27 | [REQ_ERR] POST https://as.coinbase.com/metrics cancelled
2026-07-29T19:06:38 | coinbase_webkit:001:d9d96c27 | [REQ_ERR] POST https://as.coinbase.com/metrics cancelled
2026-07-29T19:06:53 | coinbase_webkit:001:d9d96c27 | [REQ_ERR] POST https://www.coinbase.com/graphql/query?&operationName=useUserPerformanceSubscription cancelled
2026-07-29T19:06:53 | coinbase_webkit:001:d9d96c27 | [REQ_ERR] POST https://www.coinbase.com/graphql/query?&operationName=useLiveResourcePriceSubscription cancelled
2026-07-29T19:06:53 | coinbase_webkit:001:d9d96c27 | [REQ_ERR] POST https://www.coinbase.com/graphql/query?&operationName=useLiveResourcePriceSubscription cancelled
2026-07-29T19:06:53 | coinbase_webkit:001:d9d96c27 | [REQ_ERR] POST https://www.coinbase.com/graphql/query?&operationName=useLiveResourcePriceSubscription cancelled
2026-07-29T19:06:53 | coinbase_webkit:001:d9d96c27 | [REQ_ERR] POST https://www.coinbase.com/graphql/query?&operationName=useLiveResourcePriceSubscription cancelled
2026-07-29T19:06:53 | coinbase_webkit:001:d9d96c27 | [REQ_ERR] POST https://www.coinbase.com/graphql/query?&operationName=useLiveResourcePriceSubscription cancelled
2026-07-29T19:06:53 | coinbase_webkit:001:d9d96c27 | [REQ_ERR] POST https://www.coinbase.com/graphql/query?&operationName=useUserPerformanceSubscription cancelled
2026-07-29T19:06:53 | coinbase_webkit:001:d9d96c27 | [REQ_ERR] POST https://www.coinbase.com/graphql/query?&operationName=useUserCefiBalancesSubscription cancelled
2026-07-29T19:06:53 | coinbase_webkit:001:d9d96c27 | [REQ_ERR] POST https://www.coinbase.com/graphql/query?&operationName=useSimpleCryptoPositionAndBalanceSubscription cancelled
2026-07-29T19:06:53 | coinbase_webkit:001:d9d96c27 | [REQ_ERR] POST https://www.coinbase.com/graphql/query?&operationName=useSimpleCashPositionAndBalanceSubscription cancelled
2026-07-29T19:09:34 | coinbase_webkit:001:d9d96c27 | [REQ_ERR] POST https://www.coinbase.com/graphql/query?&operationName=useAccountHistoryEventsSubscription The network connection was lost.
2026-07-29T19:12:43 | coinbase_webkit:001:d9d96c27 | [REQ_ERR] GET https://www.coinbase.com/api/v3/brokerage/stream/orders_v2?statuses=OPEN&limit=-1 cancelled
2026-07-29T19:12:43 | coinbase_webkit:001:d9d96c27 | [REQ_ERR] GET https://www.coinbase.com/api/v3/brokerage/stream/orders_v2?statuses=FILLED&statuses=CANCELLED&statuses=EXPIRED&statuses=FAILED&statuses=PENDING&limit=-1 cancelled
2026-07-29T19:12:43 | coinbase_webkit:001:d9d96c27 | [REQ_ERR] POST https://www.coinbase.com/graphql/query?&operationName=useOpenOrdersSubscription cancelled
2026-07-29T19:12:43 | coinbase_webkit:001:d9d96c27 | [REQ_ERR] POST https://www.coinbase.com/graphql/query?&operationName=useAccountHistoryEventsSubscription cancelled
