2026-07-29T16:42:48 | INFO     | coinbase_webkit:001:ba607ac7 | engine=WebKit device='iPhone 14 Pro' viewport={'width': 393, 'height': 660} headless=False
2026-07-29T16:42:48 | INFO     | coinbase_webkit:001:ba607ac7 | no state file at .context/coinbase_webkit/user/001/state.json - fresh session (log in manually)
2026-07-29T16:42:54 | INFO     | coinbase_webkit:001:ba607ac7 | navigating to https://www.coinbase.com/home
2026-07-29T16:42:57 | WARNING  | coinbase_webkit:001:ba607ac7 | FIRST RUN: log in manually in the browser window (solve any captcha/2FA). Probing continues meanwhile; Ctrl-C to stop and persist session.
2026-07-29T16:42:57 | WARNING  | coinbase_webkit:001:ba607ac7 | GraphQL captured op=userQuery status=401
2026-07-29T16:43:00 | INFO     | coinbase_webkit:001:ba607ac7 | iOS-DOM probe: {"url": "https://login.coinbase.com/signin?client_id=258660e1-9cfe-4202-9eda-d3beedb3e118&oauth_challenge=30b3da53-441b-41a7-9266-2feba0cb4680", "path": "/signin", "readyGate": false, "captchaVisible": false, "cryptoRows": 0, "cashRows": 0, "firstCryptoSpans": null}
2026-07-29T16:43:02 | INFO     | coinbase_webkit:001:ba607ac7 | iOS-DOM probe: {"url": "https://login.coinbase.com/signin?client_id=258660e1-9cfe-4202-9eda-d3beedb3e118&oauth_challenge=30b3da53-441b-41a7-9266-2feba0cb4680", "path": "/signin", "readyGate": false, "captchaVisible": false, "cryptoRows": 0, "cashRows": 0, "firstCryptoSpans": null}
2026-07-29T16:43:04 | INFO     | coinbase_webkit:001:ba607ac7 | iOS-DOM probe: {"url": "https://login.coinbase.com/signin?client_id=258660e1-9cfe-4202-9eda-d3beedb3e118&oauth_challenge=30b3da53-441b-41a7-9266-2feba0cb4680", "path": "/signin", "readyGate": false, "captchaVisible": false, "cryptoRows": 0, "cashRows": 0, "firstCryptoSpans": null}
2026-07-29T16:43:06 | INFO     | coinbase_webkit:001:ba607ac7 | iOS-DOM probe: {"url": "https://login.coinbase.com/signin?client_id=258660e1-9cfe-4202-9eda-d3beedb3e118&oauth_challenge=30b3da53-441b-41a7-9266-2feba0cb4680", "path": "/signin", "readyGate": false, "captchaVisible": false, "cryptoRows": 0, "cashRows": 0, "firstCryptoSpans": null}
2026-07-29T16:43:08 | INFO     | coinbase_webkit:001:ba607ac7 | iOS-DOM probe: {"url": "https://login.coinbase.com/signin?client_id=258660e1-9cfe-4202-9eda-d3beedb3e118&oauth_challenge=30b3da53-441b-41a7-9266-2feba0cb4680", "path": "/signin", "readyGate": false, "captchaVisible": false, "cryptoRows": 0, "cashRows": 0, "firstCryptoSpans": null}
2026-07-29T16:43:10 | INFO     | coinbase_webkit:001:ba607ac7 | iOS-DOM probe: {"url": "https://login.coinbase.com/signin?client_id=258660e1-9cfe-4202-9eda-d3beedb3e118&oauth_challenge=30b3da53-441b-41a7-9266-2feba0cb4680", "path": "/signin", "readyGate": false, "captchaVisible": false, "cryptoRows": 0, "cashRows": 0, "firstCryptoSpans": null}
2026-07-29T16:43:12 | INFO     | coinbase_webkit:001:ba607ac7 | iOS-DOM probe: {"url": "https://login.coinbase.com/signin?client_id=258660e1-9cfe-4202-9eda-d3beedb3e118&oauth_challenge=30b3da53-441b-41a7-9266-2feba0cb4680", "path": "/signin", "readyGate": false, "captchaVisible": false, "cryptoRows": 0, "cashRows": 0, "firstCryptoSpans": null}
2026-07-29T16:43:14 | INFO     | coinbase_webkit:001:ba607ac7 | iOS-DOM probe: {"url": "https://login.coinbase.com/signin?client_id=258660e1-9cfe-4202-9eda-d3beedb3e118&oauth_challenge=30b3da53-441b-41a7-9266-2feba0cb4680", "path": "/signin", "readyGate": false, "captchaVisible": false, "cryptoRows": 0, "cashRows": 0, "firstCryptoSpans": null}
2026-07-29T16:43:16 | INFO     | coinbase_webkit:001:ba607ac7 | iOS-DOM probe: {"url": "https://login.coinbase.com/signin?client_id=258660e1-9cfe-4202-9eda-d3beedb3e118&oauth_challenge=30b3da53-441b-41a7-9266-2feba0cb4680", "path": "/signin", "readyGate": false, "captchaVisible": false, "cryptoRows": 0, "cashRows": 0, "firstCryptoSpans": null}
2026-07-29T16:43:18 | INFO     | coinbase_webkit:001:ba607ac7 | iOS-DOM probe: {"url": "https://login.coinbase.com/signin?client_id=258660e1-9cfe-4202-9eda-d3beedb3e118&oauth_challenge=30b3da53-441b-41a7-9266-2feba0cb4680", "path": "/signin", "readyGate": false, "captchaVisible": false, "cryptoRows": 0, "cashRows": 0, "firstCryptoSpans": null}
2026-07-29T16:43:20 | INFO     | coinbase_webkit:001:ba607ac7 | iOS-DOM probe: {"url": "https://login.coinbase.com/signin?client_id=258660e1-9cfe-4202-9eda-d3beedb3e118&oauth_challenge=30b3da53-441b-41a7-9266-2feba0cb4680", "path": "/signin", "readyGate": false, "captchaVisible": false, "cryptoRows": 0, "cashRows": 0, "firstCryptoSpans": null}
2026-07-29T16:43:22 | INFO     | coinbase_webkit:001:ba607ac7 | iOS-DOM probe: {"url": "https://login.coinbase.com/signin?client_id=258660e1-9cfe-4202-9eda-d3beedb3e118&oauth_challenge=30b3da53-441b-41a7-9266-2feba0cb4680", "path": "/signin", "readyGate": false, "captchaVisible": false, "cryptoRows": 0, "cashRows": 0, "firstCryptoSpans": null}
2026-07-29T16:43:24 | INFO     | coinbase_webkit:001:ba607ac7 | iOS-DOM probe: {"url": "https://login.coinbase.com/signin?client_id=258660e1-9cfe-4202-9eda-d3beedb3e118&oauth_challenge=30b3da53-441b-41a7-9266-2feba0cb4680", "path": "/signin", "readyGate": false, "captchaVisible": false, "cryptoRows": 0, "cashRows": 0, "firstCryptoSpans": null}
2026-07-29T16:43:26 | INFO     | coinbase_webkit:001:ba607ac7 | iOS-DOM probe: {"url": "https://login.coinbase.com/signin?client_id=258660e1-9cfe-4202-9eda-d3beedb3e118&oauth_challenge=30b3da53-441b-41a7-9266-2feba0cb4680", "path": "/signin", "readyGate": false, "captchaVisible": false, "cryptoRows": 0, "cashRows": 0, "firstCryptoSpans": null}
2026-07-29T16:43:29 | INFO     | coinbase_webkit:001:ba607ac7 | iOS-DOM probe: {"url": "https://login.coinbase.com/signin?client_id=258660e1-9cfe-4202-9eda-d3beedb3e118&oauth_challenge=30b3da53-441b-41a7-9266-2feba0cb4680", "path": "/signin", "readyGate": false, "captchaVisible": false, "cryptoRows": 0, "cashRows": 0, "firstCryptoSpans": null}
2026-07-29T16:43:31 | INFO     | coinbase_webkit:001:ba607ac7 | iOS-DOM probe: {"url": "https://login.coinbase.com/signin?client_id=258660e1-9cfe-4202-9eda-d3beedb3e118&oauth_challenge=30b3da53-441b-41a7-9266-2feba0cb4680", "path": "/signin", "readyGate": false, "captchaVisible": false, "cryptoRows": 0, "cashRows": 0, "firstCryptoSpans": null}
2026-07-29T16:43:33 | INFO     | coinbase_webkit:001:ba607ac7 | iOS-DOM probe: {"url": "https://login.coinbase.com/signin?client_id=258660e1-9cfe-4202-9eda-d3beedb3e118&oauth_challenge=30b3da53-441b-41a7-9266-2feba0cb4680", "path": "/signin", "readyGate": false, "captchaVisible": false, "cryptoRows": 0, "cashRows": 0, "firstCryptoSpans": null}
2026-07-29T16:43:35 | INFO     | coinbase_webkit:001:ba607ac7 | iOS-DOM probe: {"url": "https://login.coinbase.com/signin?client_id=258660e1-9cfe-4202-9eda-d3beedb3e118&oauth_challenge=30b3da53-441b-41a7-9266-2feba0cb4680", "path": "/signin", "readyGate": false, "captchaVisible": false, "cryptoRows": 0, "cashRows": 0, "firstCryptoSpans": null}
2026-07-29T16:43:37 | INFO     | coinbase_webkit:001:ba607ac7 | iOS-DOM probe: {"url": "https://login.coinbase.com/signin?client_id=258660e1-9cfe-4202-9eda-d3beedb3e118&oauth_challenge=30b3da53-441b-41a7-9266-2feba0cb4680", "path": "/signin", "readyGate": false, "captchaVisible": false, "cryptoRows": 0, "cashRows": 0, "firstCryptoSpans": null}
2026-07-29T16:43:39 | INFO     | coinbase_webkit:001:ba607ac7 | iOS-DOM probe: {"url": "https://www.coinbase.com/home", "path": "/home", "readyGate": false, "captchaVisible": false, "cryptoRows": 0, "cashRows": 0, "firstCryptoSpans": null}
2026-07-29T16:43:39 | WARNING  | coinbase_webkit:001:ba607ac7 | GraphQL captured op=userQuery status=200
2026-07-29T16:43:41 | INFO     | coinbase_webkit:001:ba607ac7 | iOS-DOM probe: {"url": "https://www.coinbase.com/home", "path": "/home", "readyGate": false, "captchaVisible": false, "cryptoRows": 0, "cashRows": 0, "firstCryptoSpans": null}
2026-07-29T16:43:42 | WARNING  | coinbase_webkit:001:ba607ac7 | GraphQL captured op=LayoutMobileQuery status=200
2026-07-29T16:43:42 | WARNING  | coinbase_webkit:001:ba607ac7 | GraphQL captured op=LayoutBannersQuery status=200
2026-07-29T16:43:42 | WARNING  | coinbase_webkit:001:ba607ac7 | GraphQL captured op=useRecordSardineSessionIdMutation status=200
2026-07-29T16:43:42 | WARNING  | coinbase_webkit:001:ba607ac7 | GraphQL captured op=HomeQuery status=200
2026-07-29T16:43:42 | WARNING  | coinbase_webkit:001:ba607ac7 | GraphQL captured op=LayoutBannersQuery status=200
2026-07-29T16:43:43 | WARNING  | coinbase_webkit:001:ba607ac7 | GraphQL captured op=useCurrencyConverterQuery status=200
2026-07-29T16:43:43 | INFO     | coinbase_webkit:001:ba607ac7 | iOS-DOM probe: {"url": "https://www.coinbase.com/home", "path": "/home", "readyGate": true, "captchaVisible": false, "cryptoRows": 0, "cashRows": 1, "firstCryptoSpans": null}
2026-07-29T16:43:43 | WARNING  | coinbase_webkit:001:ba607ac7 | GraphQL captured op=useCurrencyConverterQuery status=200
2026-07-29T16:43:45 | INFO     | coinbase_webkit:001:ba607ac7 | iOS-DOM probe: {"url": "https://www.coinbase.com/home", "path": "/home", "readyGate": true, "captchaVisible": false, "cryptoRows": 0, "cashRows": 1, "firstCryptoSpans": null}
2026-07-29T16:43:47 | WARNING  | coinbase_webkit:001:ba607ac7 | GraphQL captured op=usePaymentMethodsQuery status=200
2026-07-29T16:43:47 | INFO     | coinbase_webkit:001:ba607ac7 | iOS-DOM probe: {"url": "https://www.coinbase.com/home", "path": "/home", "readyGate": true, "captchaVisible": false, "cryptoRows": 0, "cashRows": 1, "firstCryptoSpans": null}
2026-07-29T16:43:50 | INFO     | coinbase_webkit:001:ba607ac7 | iOS-DOM probe: {"url": "https://www.coinbase.com/home", "path": "/home", "readyGate": true, "captchaVisible": false, "cryptoRows": 0, "cashRows": 1, "firstCryptoSpans": null}
2026-07-29T16:43:52 | INFO     | coinbase_webkit:001:ba607ac7 | iOS-DOM probe: {"url": "https://www.coinbase.com/home", "path": "/home", "readyGate": true, "captchaVisible": false, "cryptoRows": 0, "cashRows": 1, "firstCryptoSpans": null}
2026-07-29T16:43:52 | WARNING  | coinbase_webkit:001:ba607ac7 | GraphQL captured op=usePaymentMethodsQuery status=200
2026-07-29T16:43:54 | INFO     | coinbase_webkit:001:ba607ac7 | iOS-DOM probe: {"url": "https://www.coinbase.com/home", "path": "/home", "readyGate": true, "captchaVisible": false, "cryptoRows": 0, "cashRows": 1, "firstCryptoSpans": null}
2026-07-29T16:43:55 | WARNING  | coinbase_webkit:001:ba607ac7 | GraphQL captured op=DepositTriggerV2Query status=200
2026-07-29T16:43:55 | WARNING  | coinbase_webkit:001:ba607ac7 | GraphQL captured op=DepositInputQuery status=200
2026-07-29T16:43:56 | INFO     | coinbase_webkit:001:ba607ac7 | iOS-DOM probe: {"url": "https://www.coinbase.com/home", "path": "/home", "readyGate": true, "captchaVisible": false, "cryptoRows": 0, "cashRows": 1, "firstCryptoSpans": null}
2026-07-29T16:43:57 | WARNING  | coinbase_webkit:001:ba607ac7 | GraphQL captured op=SendPreloadableQuery status=200
2026-07-29T16:43:57 | WARNING  | coinbase_webkit:001:ba607ac7 | GraphQL captured op=SendRecipientCellMutation status=200
2026-07-29T16:43:57 | WARNING  | coinbase_webkit:001:ba607ac7 | GraphQL captured op=SendRecipientCellMutation status=200
2026-07-29T16:43:57 | WARNING  | coinbase_webkit:001:ba607ac7 | GraphQL captured op=SendRecipientCellMutation status=200
2026-07-29T16:43:57 | WARNING  | coinbase_webkit:001:ba607ac7 | GraphQL captured op=SendRecipientCellMutation status=200
2026-07-29T16:43:57 | WARNING  | coinbase_webkit:001:ba607ac7 | GraphQL captured op=SendFlowSystemAlertWithWaterfallQuery status=200
2026-07-29T16:43:57 | WARNING  | coinbase_webkit:001:ba607ac7 | GraphQL captured op=useHasBtcLightningSupportQuery status=200
2026-07-29T16:43:57 | WARNING  | coinbase_webkit:001:ba607ac7 | GraphQL captured op=useWarmSardineRiskEvaluationMutation status=200
2026-07-29T16:43:58 | INFO     | coinbase_webkit:001:ba607ac7 | iOS-DOM probe: {"url": "https://www.coinbase.com/home", "path": "/home", "readyGate": true, "captchaVisible": false, "cryptoRows": 0, "cashRows": 1, "firstCryptoSpans": null}
2026-07-29T16:44:00 | INFO     | coinbase_webkit:001:ba607ac7 | iOS-DOM probe: {"url": "https://www.coinbase.com/home", "path": "/home", "readyGate": true, "captchaVisible": false, "cryptoRows": 0, "cashRows": 1, "firstCryptoSpans": null}
2026-07-29T16:44:02 | INFO     | coinbase_webkit:001:ba607ac7 | iOS-DOM probe: {"url": "https://www.coinbase.com/home", "path": "/home", "readyGate": true, "captchaVisible": false, "cryptoRows": 0, "cashRows": 1, "firstCryptoSpans": null}
2026-07-29T16:44:05 | INFO     | coinbase_webkit:001:ba607ac7 | iOS-DOM probe: {"url": "https://www.coinbase.com/home", "path": "/home", "readyGate": true, "captchaVisible": false, "cryptoRows": 0, "cashRows": 1, "firstCryptoSpans": null}
2026-07-29T16:44:07 | INFO     | coinbase_webkit:001:ba607ac7 | iOS-DOM probe: {"url": "https://www.coinbase.com/home", "path": "/home", "readyGate": true, "captchaVisible": false, "cryptoRows": 0, "cashRows": 1, "firstCryptoSpans": null}
2026-07-29T16:44:09 | INFO     | coinbase_webkit:001:ba607ac7 | iOS-DOM probe: {"url": "https://www.coinbase.com/home", "path": "/home", "readyGate": true, "captchaVisible": false, "cryptoRows": 0, "cashRows": 1, "firstCryptoSpans": null}
2026-07-29T16:44:11 | INFO     | coinbase_webkit:001:ba607ac7 | iOS-DOM probe: {"url": "https://www.coinbase.com/home", "path": "/home", "readyGate": true, "captchaVisible": false, "cryptoRows": 0, "cashRows": 1, "firstCryptoSpans": null}
2026-07-29T16:44:13 | INFO     | coinbase_webkit:001:ba607ac7 | iOS-DOM probe: {"url": "https://www.coinbase.com/home", "path": "/home", "readyGate": true, "captchaVisible": false, "cryptoRows": 0, "cashRows": 1, "firstCryptoSpans": null}
2026-07-29T16:44:16 | INFO     | coinbase_webkit:001:ba607ac7 | iOS-DOM probe: {"url": "https://www.coinbase.com/home", "path": "/home", "readyGate": true, "captchaVisible": false, "cryptoRows": 0, "cashRows": 1, "firstCryptoSpans": null}
2026-07-29T16:44:18 | INFO     | coinbase_webkit:001:ba607ac7 | iOS-DOM probe: {"url": "https://www.coinbase.com/home", "path": "/home", "readyGate": true, "captchaVisible": false, "cryptoRows": 0, "cashRows": 1, "firstCryptoSpans": null}
2026-07-29T16:44:20 | INFO     | coinbase_webkit:001:ba607ac7 | iOS-DOM probe: {"url": "https://www.coinbase.com/home", "path": "/home", "readyGate": true, "captchaVisible": false, "cryptoRows": 0, "cashRows": 1, "firstCryptoSpans": null}
2026-07-29T16:44:22 | INFO     | coinbase_webkit:001:ba607ac7 | iOS-DOM probe: {"url": "https://www.coinbase.com/home", "path": "/home", "readyGate": true, "captchaVisible": false, "cryptoRows": 0, "cashRows": 1, "firstCryptoSpans": null}
2026-07-29T16:44:24 | INFO     | coinbase_webkit:001:ba607ac7 | iOS-DOM probe: {"url": "https://www.coinbase.com/home", "path": "/home", "readyGate": true, "captchaVisible": false, "cryptoRows": 0, "cashRows": 1, "firstCryptoSpans": null}
2026-07-29T16:44:27 | INFO     | coinbase_webkit:001:ba607ac7 | iOS-DOM probe: {"url": "https://www.coinbase.com/home", "path": "/home", "readyGate": true, "captchaVisible": false, "cryptoRows": 0, "cashRows": 1, "firstCryptoSpans": null}
2026-07-29T16:44:29 | INFO     | coinbase_webkit:001:ba607ac7 | iOS-DOM probe: {"url": "https://www.coinbase.com/home", "path": "/home", "readyGate": true, "captchaVisible": false, "cryptoRows": 0, "cashRows": 1, "firstCryptoSpans": null}
2026-07-29T16:44:29 | WARNING  | coinbase_webkit:001:ba607ac7 | GraphQL captured op=useExpandRecipientSharedQuery status=200
2026-07-29T16:44:31 | INFO     | coinbase_webkit:001:ba607ac7 | iOS-DOM probe: {"url": "https://www.coinbase.com/home", "path": "/home", "readyGate": true, "captchaVisible": false, "cryptoRows": 0, "cashRows": 1, "firstCryptoSpans": null}
2026-07-29T16:44:31 | WARNING  | coinbase_webkit:001:ba607ac7 | GraphQL captured op=useExpandRecipientSharedQuery status=200
2026-07-29T16:44:32 | WARNING  | coinbase_webkit:001:ba607ac7 | GraphQL captured op=SendRefetchableQuery status=200
2026-07-29T16:44:32 | WARNING  | coinbase_webkit:001:ba607ac7 | GraphQL captured op=SendRefetchableQuery status=200
2026-07-29T16:44:33 | INFO     | coinbase_webkit:001:ba607ac7 | iOS-DOM probe: {"url": "https://www.coinbase.com/home", "path": "/home", "readyGate": true, "captchaVisible": false, "cryptoRows": 0, "cashRows": 1, "firstCryptoSpans": null}
2026-07-29T16:44:33 | WARNING  | coinbase_webkit:001:ba607ac7 | GraphQL captured op=SendFlowSystemAlertWithWaterfallQuery status=200
2026-07-29T16:44:34 | WARNING  | coinbase_webkit:001:ba607ac7 | GraphQL captured op=SendRefetchableQuery status=200
2026-07-29T16:44:34 | WARNING  | coinbase_webkit:001:ba607ac7 | GraphQL captured op=NetworkCellDetailFeeQuery status=200
2026-07-29T16:44:34 | WARNING  | coinbase_webkit:001:ba607ac7 | GraphQL captured op=NetworkCellDetailFeeQuery status=200
2026-07-29T16:44:34 | WARNING  | coinbase_webkit:001:ba607ac7 | GraphQL captured op=NetworkCellDetailFeeQuery status=200
2026-07-29T16:44:34 | WARNING  | coinbase_webkit:001:ba607ac7 | GraphQL captured op=NetworkCellDetailFeeQuery status=200
2026-07-29T16:44:34 | WARNING  | coinbase_webkit:001:ba607ac7 | GraphQL captured op=NetworkCellDetailFeeQuery status=200
2026-07-29T16:44:34 | WARNING  | coinbase_webkit:001:ba607ac7 | GraphQL captured op=NetworkCellDetailFeeQuery status=200
2026-07-29T16:44:34 | WARNING  | coinbase_webkit:001:ba607ac7 | GraphQL captured op=NetworkCellDetailFeeQuery status=200
2026-07-29T16:44:34 | WARNING  | coinbase_webkit:001:ba607ac7 | GraphQL captured op=NetworkCellDetailFeeQuery status=200
2026-07-29T16:44:34 | WARNING  | coinbase_webkit:001:ba607ac7 | GraphQL captured op=NetworkCellDetailFeeQuery status=200
2026-07-29T16:44:34 | WARNING  | coinbase_webkit:001:ba607ac7 | GraphQL captured op=NetworkCellDetailFeeQuery status=200
2026-07-29T16:44:34 | WARNING  | coinbase_webkit:001:ba607ac7 | GraphQL captured op=NetworkCellDetailFeeQuery status=200
2026-07-29T16:44:34 | WARNING  | coinbase_webkit:001:ba607ac7 | GraphQL captured op=NetworkCellDetailFeeQuery status=200
2026-07-29T16:44:34 | WARNING  | coinbase_webkit:001:ba607ac7 | GraphQL captured op=SendFlowSystemAlertWithWaterfallQuery status=200
2026-07-29T16:44:34 | WARNING  | coinbase_webkit:001:ba607ac7 | GraphQL captured op=NetworkCellDetailFeeQuery status=200
2026-07-29T16:44:34 | WARNING  | coinbase_webkit:001:ba607ac7 | GraphQL captured op=NetworkCellDetailFeeQuery status=200
2026-07-29T16:44:34 | WARNING  | coinbase_webkit:001:ba607ac7 | GraphQL captured op=NetworkCellDetailFeeQuery status=200
2026-07-29T16:44:34 | WARNING  | coinbase_webkit:001:ba607ac7 | GraphQL captured op=NetworkCellDetailFeeQuery status=200
2026-07-29T16:44:34 | WARNING  | coinbase_webkit:001:ba607ac7 | GraphQL captured op=NetworkCellDetailFeeQuery status=200
2026-07-29T16:44:35 | INFO     | coinbase_webkit:001:ba607ac7 | iOS-DOM probe: {"url": "https://www.coinbase.com/home", "path": "/home", "readyGate": true, "captchaVisible": false, "cryptoRows": 0, "cashRows": 1, "firstCryptoSpans": null}
2026-07-29T16:44:37 | INFO     | coinbase_webkit:001:ba607ac7 | iOS-DOM probe: {"url": "https://www.coinbase.com/home", "path": "/home", "readyGate": true, "captchaVisible": false, "cryptoRows": 0, "cashRows": 1, "firstCryptoSpans": null}
2026-07-29T16:44:38 | WARNING  | coinbase_webkit:001:ba607ac7 | GraphQL captured op=useCurrencyConverterQuery status=200
2026-07-29T16:44:38 | WARNING  | coinbase_webkit:001:ba607ac7 | GraphQL captured op=TravelRulePrefillQuery status=200
2026-07-29T16:44:38 | WARNING  | coinbase_webkit:001:ba607ac7 | GraphQL captured op=SystemAlertWithWaterfallQuery status=200
2026-07-29T16:44:40 | INFO     | coinbase_webkit:001:ba607ac7 | iOS-DOM probe: {"url": "https://www.coinbase.com/home", "path": "/home", "readyGate": true, "captchaVisible": false, "cryptoRows": 0, "cashRows": 1, "firstCryptoSpans": null}
2026-07-29T16:44:40 | WARNING  | coinbase_webkit:001:ba607ac7 | GraphQL captured op=useCreateSendV2Mutation status=200
2026-07-29T16:44:42 | INFO     | coinbase_webkit:001:ba607ac7 | iOS-DOM probe: {"url": "https://www.coinbase.com/home", "path": "/home", "readyGate": true, "captchaVisible": false, "cryptoRows": 0, "cashRows": 1, "firstCryptoSpans": null}
2026-07-29T16:44:44 | INFO     | coinbase_webkit:001:ba607ac7 | iOS-DOM probe: {"url": "https://www.coinbase.com/home", "path": "/home", "readyGate": true, "captchaVisible": false, "cryptoRows": 0, "cashRows": 1, "firstCryptoSpans": null}
2026-07-29T16:44:46 | INFO     | coinbase_webkit:001:ba607ac7 | iOS-DOM probe: {"url": "https://www.coinbase.com/home", "path": "/home", "readyGate": true, "captchaVisible": false, "cryptoRows": 0, "cashRows": 1, "firstCryptoSpans": null}
2026-07-29T16:44:46 | WARNING  | coinbase_webkit:001:ba607ac7 | GraphQL captured op=useCreateSendV2Mutation status=200
2026-07-29T16:44:48 | INFO     | coinbase_webkit:001:ba607ac7 | iOS-DOM probe: {"url": "https://www.coinbase.com/home", "path": "/home", "readyGate": true, "captchaVisible": false, "cryptoRows": 0, "cashRows": 1, "firstCryptoSpans": null}
2026-07-29T16:44:50 | INFO     | coinbase_webkit:001:ba607ac7 | iOS-DOM probe: {"url": "https://www.coinbase.com/home", "path": "/home", "readyGate": true, "captchaVisible": false, "cryptoRows": 0, "cashRows": 1, "firstCryptoSpans": null}
2026-07-29T16:44:53 | INFO     | coinbase_webkit:001:ba607ac7 | iOS-DOM probe: {"url": "https://www.coinbase.com/home", "path": "/home", "readyGate": true, "captchaVisible": false, "cryptoRows": 0, "cashRows": 1, "firstCryptoSpans": null}
2026-07-29T16:44:53 | WARNING  | coinbase_webkit:001:ba607ac7 | GraphQL captured op=useCreateSendV2Mutation status=200
2026-07-29T16:44:55 | INFO     | coinbase_webkit:001:ba607ac7 | iOS-DOM probe: {"url": "https://www.coinbase.com/home", "path": "/home", "readyGate": true, "captchaVisible": false, "cryptoRows": 0, "cashRows": 1, "firstCryptoSpans": null}
2026-07-29T16:44:56 | WARNING  | coinbase_webkit:001:ba607ac7 | GraphQL captured op=useCreateSendV2Mutation status=200
2026-07-29T16:44:56 | WARNING  | coinbase_webkit:001:ba607ac7 | GraphQL captured op=SendPreviewQuery status=200
2026-07-29T16:44:56 | WARNING  | coinbase_webkit:001:ba607ac7 | GraphQL captured op=SendAIBUpsellQuery status=200
2026-07-29T16:44:56 | WARNING  | coinbase_webkit:001:ba607ac7 | GraphQL captured op=useUserAttestationsByRecipientQuery status=200
2026-07-29T16:44:56 | WARNING  | coinbase_webkit:001:ba607ac7 | GraphQL captured op=SendPreviewQuery status=200
2026-07-29T16:44:57 | INFO     | coinbase_webkit:001:ba607ac7 | iOS-DOM probe: {"url": "https://www.coinbase.com/home", "path": "/home", "readyGate": true, "captchaVisible": false, "cryptoRows": 0, "cashRows": 1, "firstCryptoSpans": null}
2026-07-29T16:44:59 | WARNING  | coinbase_webkit:001:ba607ac7 | GraphQL captured op=useCommitSendMutation status=200
2026-07-29T16:44:59 | INFO     | coinbase_webkit:001:ba607ac7 | iOS-DOM probe: {"url": "https://www.coinbase.com/home", "path": "/home", "readyGate": true, "captchaVisible": false, "cryptoRows": 0, "cashRows": 1, "firstCryptoSpans": null}
2026-07-29T16:44:59 | WARNING  | coinbase_webkit:001:ba607ac7 | GraphQL captured op=useSendStatusQuery status=200
2026-07-29T16:44:59 | WARNING  | coinbase_webkit:001:ba607ac7 | GraphQL captured op=TransactionDetailsStepQuery status=200
2026-07-29T16:45:01 | WARNING  | coinbase_webkit:001:ba607ac7 | GraphQL captured op=useP2PNudgeCardContentQuery status=200
2026-07-29T16:45:01 | INFO     | coinbase_webkit:001:ba607ac7 | iOS-DOM probe: {"url": "https://www.coinbase.com/home", "path": "/home", "readyGate": true, "captchaVisible": false, "cryptoRows": 0, "cashRows": 1, "firstCryptoSpans": null}
2026-07-29T16:45:03 | INFO     | coinbase_webkit:001:ba607ac7 | iOS-DOM probe: {"url": "https://www.coinbase.com/home", "path": "/home", "readyGate": true, "captchaVisible": false, "cryptoRows": 0, "cashRows": 1, "firstCryptoSpans": null}
2026-07-29T16:45:06 | INFO     | coinbase_webkit:001:ba607ac7 | iOS-DOM probe: {"url": "https://www.coinbase.com/home", "path": "/home", "readyGate": true, "captchaVisible": false, "cryptoRows": 0, "cashRows": 1, "firstCryptoSpans": null}
2026-07-29T16:45:08 | INFO     | coinbase_webkit:001:ba607ac7 | iOS-DOM probe: {"url": "https://www.coinbase.com/home", "path": "/home", "readyGate": true, "captchaVisible": false, "cryptoRows": 0, "cashRows": 1, "firstCryptoSpans": null}
2026-07-29T16:45:10 | INFO     | coinbase_webkit:001:ba607ac7 | iOS-DOM probe: {"url": "https://www.coinbase.com/home", "path": "/home", "readyGate": true, "captchaVisible": false, "cryptoRows": 0, "cashRows": 1, "firstCryptoSpans": null}
2026-07-29T16:45:12 | INFO     | coinbase_webkit:001:ba607ac7 | iOS-DOM probe: {"url": "https://www.coinbase.com/home", "path": "/home", "readyGate": true, "captchaVisible": false, "cryptoRows": 0, "cashRows": 1, "firstCryptoSpans": null}
2026-07-29T16:45:14 | INFO     | coinbase_webkit:001:ba607ac7 | iOS-DOM probe: {"url": "https://www.coinbase.com/home", "path": "/home", "readyGate": true, "captchaVisible": false, "cryptoRows": 0, "cashRows": 1, "firstCryptoSpans": null}
2026-07-29T16:45:16 | INFO     | coinbase_webkit:001:ba607ac7 | iOS-DOM probe: {"url": "https://www.coinbase.com/home", "path": "/home", "readyGate": true, "captchaVisible": false, "cryptoRows": 0, "cashRows": 1, "firstCryptoSpans": null}
2026-07-29T16:45:19 | INFO     | coinbase_webkit:001:ba607ac7 | iOS-DOM probe: {"url": "https://www.coinbase.com/home", "path": "/home", "readyGate": true, "captchaVisible": false, "cryptoRows": 0, "cashRows": 1, "firstCryptoSpans": null}
2026-07-29T16:45:21 | INFO     | coinbase_webkit:001:ba607ac7 | iOS-DOM probe: {"url": "https://www.coinbase.com/home", "path": "/home", "readyGate": true, "captchaVisible": false, "cryptoRows": 0, "cashRows": 1, "firstCryptoSpans": null}
2026-07-29T16:45:23 | INFO     | coinbase_webkit:001:ba607ac7 | iOS-DOM probe: {"url": "https://www.coinbase.com/home", "path": "/home", "readyGate": true, "captchaVisible": false, "cryptoRows": 0, "cashRows": 1, "firstCryptoSpans": null}
2026-07-29T16:45:25 | INFO     | coinbase_webkit:001:ba607ac7 | iOS-DOM probe: {"url": "https://www.coinbase.com/home", "path": "/home", "readyGate": true, "captchaVisible": false, "cryptoRows": 0, "cashRows": 0, "firstCryptoSpans": null}
2026-07-29T16:45:27 | INFO     | coinbase_webkit:001:ba607ac7 | iOS-DOM probe: {"url": "https://www.coinbase.com/home", "path": "/home", "readyGate": true, "captchaVisible": false, "cryptoRows": 0, "cashRows": 0, "firstCryptoSpans": null}
2026-07-29T16:45:29 | INFO     | coinbase_webkit:001:ba607ac7 | iOS-DOM probe: {"url": "https://www.coinbase.com/home", "path": "/home", "readyGate": true, "captchaVisible": false, "cryptoRows": 0, "cashRows": 0, "firstCryptoSpans": null}
2026-07-29T16:45:32 | INFO     | coinbase_webkit:001:ba607ac7 | iOS-DOM probe: {"url": "https://www.coinbase.com/home", "path": "/home", "readyGate": true, "captchaVisible": false, "cryptoRows": 0, "cashRows": 0, "firstCryptoSpans": null}
2026-07-29T16:45:34 | INFO     | coinbase_webkit:001:ba607ac7 | iOS-DOM probe: {"url": "https://www.coinbase.com/home", "path": "/home", "readyGate": true, "captchaVisible": false, "cryptoRows": 0, "cashRows": 0, "firstCryptoSpans": null}
2026-07-29T16:45:36 | INFO     | coinbase_webkit:001:ba607ac7 | iOS-DOM probe: {"url": "https://www.coinbase.com/home", "path": "/home", "readyGate": true, "captchaVisible": false, "cryptoRows": 0, "cashRows": 0, "firstCryptoSpans": null}
2026-07-29T16:45:38 | INFO     | coinbase_webkit:001:ba607ac7 | iOS-DOM probe: {"url": "https://www.coinbase.com/home", "path": "/home", "readyGate": true, "captchaVisible": false, "cryptoRows": 0, "cashRows": 0, "firstCryptoSpans": null}
2026-07-29T16:45:40 | INFO     | coinbase_webkit:001:ba607ac7 | iOS-DOM probe: {"url": "https://www.coinbase.com/home", "path": "/home", "readyGate": true, "captchaVisible": false, "cryptoRows": 0, "cashRows": 0, "firstCryptoSpans": null}
2026-07-29T16:45:43 | INFO     | coinbase_webkit:001:ba607ac7 | iOS-DOM probe: {"url": "https://www.coinbase.com/home", "path": "/home", "readyGate": true, "captchaVisible": false, "cryptoRows": 0, "cashRows": 0, "firstCryptoSpans": null}
2026-07-29T16:45:45 | INFO     | coinbase_webkit:001:ba607ac7 | iOS-DOM probe: {"url": "https://www.coinbase.com/home", "path": "/home", "readyGate": true, "captchaVisible": false, "cryptoRows": 0, "cashRows": 0, "firstCryptoSpans": null}
2026-07-29T16:45:47 | INFO     | coinbase_webkit:001:ba607ac7 | iOS-DOM probe: {"url": "https://www.coinbase.com/home", "path": "/home", "readyGate": true, "captchaVisible": false, "cryptoRows": 0, "cashRows": 0, "firstCryptoSpans": null}
2026-07-29T16:45:49 | INFO     | coinbase_webkit:001:ba607ac7 | iOS-DOM probe: {"url": "https://www.coinbase.com/home", "path": "/home", "readyGate": true, "captchaVisible": false, "cryptoRows": 0, "cashRows": 0, "firstCryptoSpans": null}
2026-07-29T16:45:51 | INFO     | coinbase_webkit:001:ba607ac7 | iOS-DOM probe: {"url": "https://www.coinbase.com/home", "path": "/home", "readyGate": true, "captchaVisible": false, "cryptoRows": 0, "cashRows": 0, "firstCryptoSpans": null}
2026-07-29T16:45:53 | INFO     | coinbase_webkit:001:ba607ac7 | iOS-DOM probe: {"url": "https://www.coinbase.com/home", "path": "/home", "readyGate": true, "captchaVisible": false, "cryptoRows": 0, "cashRows": 0, "firstCryptoSpans": null}
2026-07-29T16:45:54 | WARNING  | coinbase_webkit:001:ba607ac7 | GraphQL response body unavailable for https://www.coinbase.com/graphql/query?&operationName=useUserCefiBalancesSubscription (status=200)
2026-07-29T16:45:56 | INFO     | coinbase_webkit:001:ba607ac7 | iOS-DOM probe: {"url": "https://www.coinbase.com/home", "path": "/home", "readyGate": true, "captchaVisible": false, "cryptoRows": 0, "cashRows": 0, "firstCryptoSpans": null}
2026-07-29T16:45:58 | INFO     | coinbase_webkit:001:ba607ac7 | iOS-DOM probe: {"url": "https://www.coinbase.com/home", "path": "/home", "readyGate": true, "captchaVisible": false, "cryptoRows": 0, "cashRows": 0, "firstCryptoSpans": null}
2026-07-29T16:46:00 | INFO     | coinbase_webkit:001:ba607ac7 | iOS-DOM probe: {"url": "https://www.coinbase.com/home", "path": "/home", "readyGate": true, "captchaVisible": false, "cryptoRows": 0, "cashRows": 0, "firstCryptoSpans": null}
2026-07-29T16:46:02 | INFO     | coinbase_webkit:001:ba607ac7 | iOS-DOM probe: {"url": "https://www.coinbase.com/home", "path": "/home", "readyGate": true, "captchaVisible": false, "cryptoRows": 0, "cashRows": 0, "firstCryptoSpans": null}
2026-07-29T16:46:04 | INFO     | coinbase_webkit:001:ba607ac7 | iOS-DOM probe: {"url": "https://www.coinbase.com/home", "path": "/home", "readyGate": true, "captchaVisible": false, "cryptoRows": 0, "cashRows": 0, "firstCryptoSpans": null}
2026-07-29T16:46:06 | INFO     | coinbase_webkit:001:ba607ac7 | iOS-DOM probe: {"url": "https://www.coinbase.com/home", "path": "/home", "readyGate": true, "captchaVisible": false, "cryptoRows": 0, "cashRows": 0, "firstCryptoSpans": null}
2026-07-29T16:46:09 | INFO     | coinbase_webkit:001:ba607ac7 | iOS-DOM probe: {"url": "https://www.coinbase.com/home", "path": "/home", "readyGate": true, "captchaVisible": false, "cryptoRows": 0, "cashRows": 0, "firstCryptoSpans": null}
2026-07-29T16:46:11 | INFO     | coinbase_webkit:001:ba607ac7 | iOS-DOM probe: {"url": "https://www.coinbase.com/home", "path": "/home", "readyGate": true, "captchaVisible": false, "cryptoRows": 0, "cashRows": 0, "firstCryptoSpans": null}
2026-07-29T16:46:13 | INFO     | coinbase_webkit:001:ba607ac7 | iOS-DOM probe: {"url": "https://www.coinbase.com/home", "path": "/home", "readyGate": true, "captchaVisible": false, "cryptoRows": 0, "cashRows": 0, "firstCryptoSpans": null}
2026-07-29T16:46:15 | INFO     | coinbase_webkit:001:ba607ac7 | iOS-DOM probe: {"url": "https://www.coinbase.com/home", "path": "/home", "readyGate": true, "captchaVisible": false, "cryptoRows": 0, "cashRows": 0, "firstCryptoSpans": null}
2026-07-29T16:46:17 | INFO     | coinbase_webkit:001:ba607ac7 | iOS-DOM probe: {"url": "https://www.coinbase.com/home", "path": "/home", "readyGate": true, "captchaVisible": false, "cryptoRows": 0, "cashRows": 0, "firstCryptoSpans": null}
2026-07-29T16:46:19 | INFO     | coinbase_webkit:001:ba607ac7 | iOS-DOM probe: {"url": "https://www.coinbase.com/home", "path": "/home", "readyGate": true, "captchaVisible": false, "cryptoRows": 0, "cashRows": 0, "firstCryptoSpans": null}
2026-07-29T16:46:22 | INFO     | coinbase_webkit:001:ba607ac7 | iOS-DOM probe: {"url": "https://www.coinbase.com/home", "path": "/home", "readyGate": true, "captchaVisible": false, "cryptoRows": 0, "cashRows": 0, "firstCryptoSpans": null}
2026-07-29T16:46:24 | INFO     | coinbase_webkit:001:ba607ac7 | iOS-DOM probe: {"url": "https://www.coinbase.com/home", "path": "/home", "readyGate": true, "captchaVisible": false, "cryptoRows": 0, "cashRows": 0, "firstCryptoSpans": null}
2026-07-29T16:46:26 | INFO     | coinbase_webkit:001:ba607ac7 | iOS-DOM probe: {"url": "https://www.coinbase.com/home", "path": "/home", "readyGate": true, "captchaVisible": false, "cryptoRows": 0, "cashRows": 0, "firstCryptoSpans": null}
2026-07-29T16:46:28 | INFO     | coinbase_webkit:001:ba607ac7 | iOS-DOM probe: {"url": "https://www.coinbase.com/home", "path": "/home", "readyGate": true, "captchaVisible": false, "cryptoRows": 0, "cashRows": 0, "firstCryptoSpans": null}
2026-07-29T16:46:30 | INFO     | coinbase_webkit:001:ba607ac7 | iOS-DOM probe: {"url": "https://www.coinbase.com/home", "path": "/home", "readyGate": true, "captchaVisible": false, "cryptoRows": 0, "cashRows": 0, "firstCryptoSpans": null}
2026-07-29T16:46:32 | INFO     | coinbase_webkit:001:ba607ac7 | iOS-DOM probe: {"url": "https://www.coinbase.com/home", "path": "/home", "readyGate": true, "captchaVisible": false, "cryptoRows": 0, "cashRows": 0, "firstCryptoSpans": null}
2026-07-29T16:46:35 | INFO     | coinbase_webkit:001:ba607ac7 | iOS-DOM probe: {"url": "https://www.coinbase.com/home", "path": "/home", "readyGate": true, "captchaVisible": false, "cryptoRows": 0, "cashRows": 0, "firstCryptoSpans": null}
2026-07-29T16:46:37 | INFO     | coinbase_webkit:001:ba607ac7 | iOS-DOM probe: {"url": "https://www.coinbase.com/home", "path": "/home", "readyGate": true, "captchaVisible": false, "cryptoRows": 0, "cashRows": 0, "firstCryptoSpans": null}
2026-07-29T16:46:37 | WARNING  | coinbase_webkit:001:ba607ac7 | GraphQL captured op=SendRecipientCellMutation status=200
2026-07-29T16:46:38 | WARNING  | coinbase_webkit:001:ba607ac7 | GraphQL captured op=SendRecipientCellMutation status=200
2026-07-29T16:46:38 | WARNING  | coinbase_webkit:001:ba607ac7 | GraphQL captured op=SendRecipientCellMutation status=200
2026-07-29T16:46:38 | WARNING  | coinbase_webkit:001:ba607ac7 | GraphQL captured op=SendRecipientCellMutation status=200
2026-07-29T16:46:38 | WARNING  | coinbase_webkit:001:ba607ac7 | GraphQL captured op=useWarmSardineRiskEvaluationMutation status=200
2026-07-29T16:46:39 | INFO     | coinbase_webkit:001:ba607ac7 | iOS-DOM probe: {"url": "https://www.coinbase.com/home", "path": "/home", "readyGate": true, "captchaVisible": false, "cryptoRows": 0, "cashRows": 0, "firstCryptoSpans": null}
2026-07-29T16:46:41 | INFO     | coinbase_webkit:001:ba607ac7 | iOS-DOM probe: {"url": "https://www.coinbase.com/home", "path": "/home", "readyGate": true, "captchaVisible": false, "cryptoRows": 0, "cashRows": 0, "firstCryptoSpans": null}
2026-07-29T16:46:43 | INFO     | coinbase_webkit:001:ba607ac7 | iOS-DOM probe: {"url": "https://www.coinbase.com/home", "path": "/home", "readyGate": true, "captchaVisible": false, "cryptoRows": 0, "cashRows": 0, "firstCryptoSpans": null}
2026-07-29T16:46:45 | INFO     | coinbase_webkit:001:ba607ac7 | iOS-DOM probe: {"url": "https://www.coinbase.com/home", "path": "/home", "readyGate": true, "captchaVisible": false, "cryptoRows": 0, "cashRows": 0, "firstCryptoSpans": null}
2026-07-29T16:46:48 | INFO     | coinbase_webkit:001:ba607ac7 | iOS-DOM probe: {"url": "https://www.coinbase.com/home", "path": "/home", "readyGate": true, "captchaVisible": false, "cryptoRows": 0, "cashRows": 0, "firstCryptoSpans": null}
2026-07-29T16:46:50 | INFO     | coinbase_webkit:001:ba607ac7 | iOS-DOM probe: {"url": "https://www.coinbase.com/home", "path": "/home", "readyGate": true, "captchaVisible": false, "cryptoRows": 0, "cashRows": 0, "firstCryptoSpans": null}
2026-07-29T16:46:52 | INFO     | coinbase_webkit:001:ba607ac7 | iOS-DOM probe: {"url": "https://www.coinbase.com/home", "path": "/home", "readyGate": true, "captchaVisible": false, "cryptoRows": 0, "cashRows": 0, "firstCryptoSpans": null}
2026-07-29T16:46:54 | INFO     | coinbase_webkit:001:ba607ac7 | iOS-DOM probe: {"url": "https://www.coinbase.com/home", "path": "/home", "readyGate": true, "captchaVisible": false, "cryptoRows": 0, "cashRows": 0, "firstCryptoSpans": null}
2026-07-29T16:46:56 | INFO     | coinbase_webkit:001:ba607ac7 | iOS-DOM probe: {"url": "https://www.coinbase.com/home", "path": "/home", "readyGate": true, "captchaVisible": false, "cryptoRows": 0, "cashRows": 0, "firstCryptoSpans": null}
2026-07-29T16:46:58 | INFO     | coinbase_webkit:001:ba607ac7 | iOS-DOM probe: {"url": "https://www.coinbase.com/home", "path": "/home", "readyGate": true, "captchaVisible": false, "cryptoRows": 0, "cashRows": 0, "firstCryptoSpans": null}
2026-07-29T16:46:59 | WARNING  | coinbase_webkit:001:ba607ac7 | GraphQL captured op=useExpandRecipientSharedQuery status=200
2026-07-29T16:47:01 | WARNING  | coinbase_webkit:001:ba607ac7 | GraphQL captured op=useExpandRecipientSharedQuery status=200
2026-07-29T16:47:01 | INFO     | coinbase_webkit:001:ba607ac7 | iOS-DOM probe: {"url": "https://www.coinbase.com/home", "path": "/home", "readyGate": true, "captchaVisible": false, "cryptoRows": 0, "cashRows": 0, "firstCryptoSpans": null}
2026-07-29T16:47:01 | WARNING  | coinbase_webkit:001:ba607ac7 | GraphQL captured op=SendRefetchableQuery status=200
2026-07-29T16:47:03 | INFO     | coinbase_webkit:001:ba607ac7 | iOS-DOM probe: {"url": "https://www.coinbase.com/home", "path": "/home", "readyGate": true, "captchaVisible": false, "cryptoRows": 0, "cashRows": 0, "firstCryptoSpans": null}
2026-07-29T16:47:04 | WARNING  | coinbase_webkit:001:ba607ac7 | GraphQL captured op=SendRecipientCellMutation status=200
2026-07-29T16:47:04 | WARNING  | coinbase_webkit:001:ba607ac7 | GraphQL captured op=SendRecipientCellMutation status=200
2026-07-29T16:47:04 | WARNING  | coinbase_webkit:001:ba607ac7 | GraphQL captured op=SendRecipientCellMutation status=200
2026-07-29T16:47:04 | WARNING  | coinbase_webkit:001:ba607ac7 | GraphQL captured op=SendRecipientCellMutation status=200
2026-07-29T16:47:05 | INFO     | coinbase_webkit:001:ba607ac7 | iOS-DOM probe: {"url": "https://www.coinbase.com/home", "path": "/home", "readyGate": true, "captchaVisible": false, "cryptoRows": 0, "cashRows": 0, "firstCryptoSpans": null}
2026-07-29T16:47:07 | WARNING  | coinbase_webkit:001:ba607ac7 | GraphQL captured op=MobileMenuContainerQuery status=200
2026-07-29T16:47:07 | INFO     | coinbase_webkit:001:ba607ac7 | iOS-DOM probe: {"url": "https://www.coinbase.com/home", "path": "/home", "readyGate": true, "captchaVisible": false, "cryptoRows": 0, "cashRows": 0, "firstCryptoSpans": null}
2026-07-29T16:47:07 | WARNING  | coinbase_webkit:001:ba607ac7 | GraphQL captured op=SubscriptionQuery status=200
2026-07-29T16:47:07 | WARNING  | coinbase_webkit:001:ba607ac7 | GraphQL captured op=SubscriptionSignupQuery status=200
2026-07-29T16:47:07 | WARNING  | coinbase_webkit:001:ba607ac7 | GraphQL captured op=SubscriptionQuery status=200
2026-07-29T16:47:09 | INFO     | coinbase_webkit:001:ba607ac7 | iOS-DOM probe: {"url": "https://www.coinbase.com/home", "path": "/home", "readyGate": true, "captchaVisible": false, "cryptoRows": 0, "cashRows": 0, "firstCryptoSpans": null}
2026-07-29T16:47:11 | WARNING  | coinbase_webkit:001:ba607ac7 | GraphQL response body unavailable for https://www.coinbase.com/graphql/query?&operationName=useLiveResourcePriceSubscription (status=200)
2026-07-29T16:47:11 | INFO     | coinbase_webkit:001:ba607ac7 | iOS-DOM probe: {"url": "https://www.coinbase.com/home", "path": "/home", "readyGate": true, "captchaVisible": false, "cryptoRows": 0, "cashRows": 0, "firstCryptoSpans": null}
2026-07-29T16:47:14 | INFO     | coinbase_webkit:001:ba607ac7 | iOS-DOM probe: {"url": "https://www.coinbase.com/home", "path": "/home", "readyGate": true, "captchaVisible": false, "cryptoRows": 0, "cashRows": 0, "firstCryptoSpans": null}
2026-07-29T16:47:14 | WARNING  | coinbase_webkit:001:ba607ac7 | GraphQL response body unavailable for https://www.coinbase.com/graphql/query?&operationName=useSimpleCryptoPositionAndBalanceSubscription (status=200)
2026-07-29T16:47:14 | WARNING  | coinbase_webkit:001:ba607ac7 | GraphQL response body unavailable for https://www.coinbase.com/graphql/query?&operationName=useUserPerformanceSubscription (status=200)
2026-07-29T16:47:15 | WARNING  | coinbase_webkit:001:ba607ac7 | GraphQL response body unavailable for https://www.coinbase.com/graphql/query?&operationName=useLiveResourcePriceSubscription (status=200)
2026-07-29T16:47:15 | WARNING  | coinbase_webkit:001:ba607ac7 | GraphQL response body unavailable for https://www.coinbase.com/graphql/query?&operationName=useLiveResourcePriceSubscription (status=200)
2026-07-29T16:47:16 | INFO     | coinbase_webkit:001:ba607ac7 | iOS-DOM probe: {"url": "https://www.coinbase.com/home", "path": "/home", "readyGate": true, "captchaVisible": false, "cryptoRows": 0, "cashRows": 0, "firstCryptoSpans": null}
2026-07-29T16:47:18 | INFO     | coinbase_webkit:001:ba607ac7 | iOS-DOM probe: {"url": "https://www.coinbase.com/home", "path": "/home", "readyGate": true, "captchaVisible": false, "cryptoRows": 0, "cashRows": 0, "firstCryptoSpans": null}
2026-07-29T16:47:20 | INFO     | coinbase_webkit:001:ba607ac7 | iOS-DOM probe: {"url": "https://www.coinbase.com/home", "path": "/home", "readyGate": true, "captchaVisible": false, "cryptoRows": 0, "cashRows": 0, "firstCryptoSpans": null}
2026-07-29T16:47:22 | INFO     | coinbase_webkit:001:ba607ac7 | iOS-DOM probe: {"url": "https://www.coinbase.com/home", "path": "/home", "readyGate": true, "captchaVisible": false, "cryptoRows": 0, "cashRows": 0, "firstCryptoSpans": null}
2026-07-29T16:47:24 | INFO     | coinbase_webkit:001:ba607ac7 | iOS-DOM probe: {"url": "https://www.coinbase.com/home", "path": "/home", "readyGate": true, "captchaVisible": false, "cryptoRows": 0, "cashRows": 0, "firstCryptoSpans": null}
2026-07-29T16:47:27 | INFO     | coinbase_webkit:001:ba607ac7 | iOS-DOM probe: {"url": "https://www.coinbase.com/home", "path": "/home", "readyGate": true, "captchaVisible": false, "cryptoRows": 0, "cashRows": 0, "firstCryptoSpans": null}
2026-07-29T16:47:29 | INFO     | coinbase_webkit:001:ba607ac7 | iOS-DOM probe: {"url": "https://www.coinbase.com/home", "path": "/home", "readyGate": true, "captchaVisible": false, "cryptoRows": 0, "cashRows": 0, "firstCryptoSpans": null}
2026-07-29T16:47:31 | INFO     | coinbase_webkit:001:ba607ac7 | iOS-DOM probe: {"url": "https://www.coinbase.com/home", "path": "/home", "readyGate": true, "captchaVisible": false, "cryptoRows": 0, "cashRows": 0, "firstCryptoSpans": null}
2026-07-29T16:47:33 | INFO     | coinbase_webkit:001:ba607ac7 | iOS-DOM probe: {"url": "https://www.coinbase.com/home", "path": "/home", "readyGate": true, "captchaVisible": false, "cryptoRows": 0, "cashRows": 0, "firstCryptoSpans": null}
2026-07-29T16:47:35 | INFO     | coinbase_webkit:001:ba607ac7 | iOS-DOM probe: {"url": "https://www.coinbase.com/home", "path": "/home", "readyGate": true, "captchaVisible": false, "cryptoRows": 0, "cashRows": 0, "firstCryptoSpans": null}
2026-07-29T16:47:37 | INFO     | coinbase_webkit:001:ba607ac7 | iOS-DOM probe: {"url": "https://www.coinbase.com/home", "path": "/home", "readyGate": true, "captchaVisible": false, "cryptoRows": 0, "cashRows": 0, "firstCryptoSpans": null}
2026-07-29T16:47:40 | INFO     | coinbase_webkit:001:ba607ac7 | iOS-DOM probe: {"url": "https://www.coinbase.com/home", "path": "/home", "readyGate": true, "captchaVisible": false, "cryptoRows": 0, "cashRows": 0, "firstCryptoSpans": null}
2026-07-29T16:47:42 | INFO     | coinbase_webkit:001:ba607ac7 | iOS-DOM probe: {"url": "https://www.coinbase.com/home", "path": "/home", "readyGate": true, "captchaVisible": false, "cryptoRows": 0, "cashRows": 0, "firstCryptoSpans": null}
2026-07-29T16:47:44 | INFO     | coinbase_webkit:001:ba607ac7 | iOS-DOM probe: {"url": "https://www.coinbase.com/home", "path": "/home", "readyGate": true, "captchaVisible": false, "cryptoRows": 0, "cashRows": 0, "firstCryptoSpans": null}
2026-07-29T16:47:46 | INFO     | coinbase_webkit:001:ba607ac7 | iOS-DOM probe: {"url": "https://www.coinbase.com/home", "path": "/home", "readyGate": true, "captchaVisible": false, "cryptoRows": 0, "cashRows": 0, "firstCryptoSpans": null}
2026-07-29T16:47:48 | INFO     | coinbase_webkit:001:ba607ac7 | iOS-DOM probe: {"url": "https://www.coinbase.com/home", "path": "/home", "readyGate": true, "captchaVisible": false, "cryptoRows": 0, "cashRows": 0, "firstCryptoSpans": null}
2026-07-29T16:47:50 | INFO     | coinbase_webkit:001:ba607ac7 | iOS-DOM probe: {"url": "https://www.coinbase.com/home", "path": "/home", "readyGate": true, "captchaVisible": false, "cryptoRows": 0, "cashRows": 0, "firstCryptoSpans": null}
2026-07-29T16:47:53 | INFO     | coinbase_webkit:001:ba607ac7 | iOS-DOM probe: {"url": "https://www.coinbase.com/home", "path": "/home", "readyGate": true, "captchaVisible": false, "cryptoRows": 0, "cashRows": 0, "firstCryptoSpans": null}
2026-07-29T16:47:55 | WARNING  | coinbase_webkit:001:ba607ac7 | GraphQL response body unavailable for https://www.coinbase.com/graphql/query?&operationName=useSimpleCashPositionAndBalanceSubscription (status=200)
2026-07-29T16:47:55 | WARNING  | coinbase_webkit:001:ba607ac7 | GraphQL response body unavailable for https://www.coinbase.com/graphql/query?&operationName=useUserCefiBalancesSubscription (status=200)
2026-07-29T16:47:55 | INFO     | coinbase_webkit:001:ba607ac7 | iOS-DOM probe: {"url": "https://www.coinbase.com/home", "path": "/home", "readyGate": true, "captchaVisible": false, "cryptoRows": 0, "cashRows": 0, "firstCryptoSpans": null}
2026-07-29T16:47:55 | WARNING  | coinbase_webkit:001:ba607ac7 | GraphQL response body unavailable for https://www.coinbase.com/graphql/query?&operationName=useSimpleCryptoPositionAndBalanceSubscription (status=200)
2026-07-29T16:47:56 | WARNING  | coinbase_webkit:001:ba607ac7 | GraphQL response body unavailable for https://www.coinbase.com/graphql/query?&operationName=useUserPerformanceSubscription (status=200)
2026-07-29T16:47:56 | WARNING  | coinbase_webkit:001:ba607ac7 | GraphQL response body unavailable for https://www.coinbase.com/graphql/query?&operationName=useUserPerformanceSubscription (status=200)
2026-07-29T16:47:56 | WARNING  | coinbase_webkit:001:ba607ac7 | GraphQL response body unavailable for https://www.coinbase.com/graphql/query?&operationName=useLiveResourcePriceSubscription (status=200)
2026-07-29T16:47:57 | WARNING  | coinbase_webkit:001:ba607ac7 | GraphQL response body unavailable for https://www.coinbase.com/graphql/query?&operationName=useLiveResourcePriceSubscription (status=200)
2026-07-29T16:47:57 | WARNING  | coinbase_webkit:001:ba607ac7 | GraphQL response body unavailable for https://www.coinbase.com/graphql/query?&operationName=useLiveResourcePriceSubscription (status=200)
2026-07-29T16:47:57 | WARNING  | coinbase_webkit:001:ba607ac7 | GraphQL response body unavailable for https://www.coinbase.com/graphql/query?&operationName=useLiveResourcePriceSubscription (status=200)
2026-07-29T16:47:57 | INFO     | coinbase_webkit:001:ba607ac7 | iOS-DOM probe: {"url": "https://www.coinbase.com/home", "path": "/home", "readyGate": true, "captchaVisible": false, "cryptoRows": 0, "cashRows": 0, "firstCryptoSpans": null}
2026-07-29T16:47:57 | WARNING  | coinbase_webkit:001:ba607ac7 | GraphQL response body unavailable for https://www.coinbase.com/graphql/query?&operationName=useLiveResourcePriceSubscription (status=200)
2026-07-29T16:47:59 | INFO     | coinbase_webkit:001:ba607ac7 | iOS-DOM probe: {"url": "https://www.coinbase.com/home", "path": "/home", "readyGate": true, "captchaVisible": false, "cryptoRows": 0, "cashRows": 0, "firstCryptoSpans": null}
2026-07-29T16:48:01 | INFO     | coinbase_webkit:001:ba607ac7 | iOS-DOM probe: {"url": "https://www.coinbase.com/home", "path": "/home", "readyGate": true, "captchaVisible": false, "cryptoRows": 0, "cashRows": 0, "firstCryptoSpans": null}
2026-07-29T16:48:03 | WARNING  | coinbase_webkit:001:ba607ac7 | GraphQL response body unavailable for https://www.coinbase.com/graphql/query?&operationName=useSimpleCashPositionAndBalanceSubscription (status=200)
2026-07-29T16:48:03 | WARNING  | coinbase_webkit:001:ba607ac7 | GraphQL response body unavailable for https://www.coinbase.com/graphql/query?&operationName=useUserCefiBalancesSubscription (status=200)
2026-07-29T16:48:03 | WARNING  | coinbase_webkit:001:ba607ac7 | GraphQL response body unavailable for https://www.coinbase.com/graphql/query?&operationName=useSimpleCryptoPositionAndBalanceSubscription (status=200)
2026-07-29T16:48:03 | WARNING  | coinbase_webkit:001:ba607ac7 | GraphQL response body unavailable for https://www.coinbase.com/graphql/query?&operationName=useUserPerformanceSubscription (status=200)
2026-07-29T16:48:03 | WARNING  | coinbase_webkit:001:ba607ac7 | GraphQL response body unavailable for https://www.coinbase.com/graphql/query?&operationName=useUserPerformanceSubscription (status=200)
2026-07-29T16:48:03 | WARNING  | coinbase_webkit:001:ba607ac7 | GraphQL response body unavailable for https://www.coinbase.com/graphql/query?&operationName=useLiveResourcePriceSubscription (status=200)
2026-07-29T16:48:03 | WARNING  | coinbase_webkit:001:ba607ac7 | GraphQL response body unavailable for https://www.coinbase.com/graphql/query?&operationName=useLiveResourcePriceSubscription (status=200)
2026-07-29T16:48:03 | WARNING  | coinbase_webkit:001:ba607ac7 | GraphQL response body unavailable for https://www.coinbase.com/graphql/query?&operationName=useLiveResourcePriceSubscription (status=200)
2026-07-29T16:48:03 | WARNING  | coinbase_webkit:001:ba607ac7 | GraphQL response body unavailable for https://www.coinbase.com/graphql/query?&operationName=useLiveResourcePriceSubscription (status=200)
2026-07-29T16:48:03 | WARNING  | coinbase_webkit:001:ba607ac7 | GraphQL response body unavailable for https://www.coinbase.com/graphql/query?&operationName=useLiveResourcePriceSubscription (status=200)
2026-07-29T16:48:03 | INFO     | coinbase_webkit:001:ba607ac7 | wrote manifest -> logs/coinbase_webkit/001/ba607ac7/manifest.json
2026-07-29T16:48:03 | INFO     | coinbase_webkit:001:ba607ac7 | saved storage state -> .context/coinbase_webkit/user/001/state.json
